10.4 --> 1
19.45 --> 1
21.2 --> 1
27.2 --> 1
29.4 --> 1
31.3 --> 1
31.7 --> 1
37.8 --> 1
50.7 --> 1
58.3 --> 1
61.7 --> 1
62.4 --> 1
65.79 --> 1
79.81 --> 1
101.4 --> 1
118.6 --> 1
120.5 --> 1
158.2 --> 1
174.5 --> 1
206.91 --> 1
