6 --> 1
11.19 --> 1
12.3 --> 1
12.55 --> 1
12.89 --> 1
13.8 --> 1
14 --> 1
14.75 --> 1
14.89 --> 1
15.79 --> 1
17.01 --> 1
17.09 --> 1
17.29 --> 1
17.79 --> 1
18.49 --> 1
18.59 --> 1
19.78 --> 1
20.18 --> 1
20.49 --> 1
20.81 --> 1
20.88 --> 1
20.99 --> 1
21.59 --> 1
21.69 --> 1
21.79 --> 1
21.89 --> 1
22.19 --> 1
22.69 --> 1
23.59 --> 1
24.01 --> 1
25.49 --> 1
25.88 --> 1
26.13 --> 1
27.18 --> 1
27.83 --> 1
28.39 --> 1
28.49 --> 1
28.59 --> 1
29.19 --> 1
29.49 --> 1
29.59 --> 1
29.96 --> 1
30.39 --> 1
30.89 --> 1
31.07 --> 1
31.29 --> 1
31.69 --> 1
31.79 --> 1
32.59 --> 1
33.59 --> 1
33.88 --> 1
34.09 --> 1
34.59 --> 1
34.89 --> 1
35.69 --> 1
36.19 --> 1
36.39 --> 1
36.59 --> 1
36.87 --> 1
37.55 --> 1
37.65 --> 1
37.79 --> 1
38.19 --> 1
38.29 --> 1
38.49 --> 1
38.59 --> 1
39.59 --> 1
40.29 --> 1
40.49 --> 1
40.59 --> 1
40.69 --> 1
40.89 --> 1
41.09 --> 1
42.09 --> 1
42.49 --> 1
42.61 --> 1
42.89 --> 1
43.11 --> 1
43.22 --> 1
43.33 --> 1
43.44 --> 1
43.69 --> 1
43.79 --> 1
44.29 --> 1
44.49 --> 1
45.19 --> 1
45.39 --> 1
45.79 --> 1
45.89 --> 1
46.05 --> 1
46.62 --> 1
47.98 --> 1
48.29 --> 1
48.79 --> 1
49.1 --> 1
49.38 --> 1
49.49 --> 1
49.69 --> 1
50.4 --> 1
50.79 --> 1
51.1 --> 1
51.29 --> 1
51.39 --> 1
52.19 --> 1
52.49 --> 1
52.69 --> 1
52.89 --> 1
53.29 --> 1
53.69 --> 1
53.79 --> 1
54.29 --> 1
55.79 --> 1
56.39 --> 1
56.49 --> 1
56.69 --> 1
57.9 --> 1
58.09 --> 1
58.49 --> 1
59.29 --> 1
59.49 --> 1
59.89 --> 1
60.01 --> 1
60.41 --> 1
60.51 --> 1
60.79 --> 1
61.4 --> 1
62.1 --> 1
62.31 --> 1
63 --> 1
63.5 --> 1
64.2 --> 1
64.9 --> 1
65.29 --> 1
66.19 --> 1
66.39 --> 1
66.7 --> 1
67.39 --> 1
67.79 --> 1
68.79 --> 1
69.85 --> 1
70.11 --> 1
70.19 --> 1
70.69 --> 1
70.91 --> 1
71.12 --> 1
72.51 --> 1
73.62 --> 1
73.71 --> 1
74.49 --> 1
74.59 --> 1
74.79 --> 1
74.89 --> 1
75.69 --> 1
75.79 --> 1
76.39 --> 1
77.49 --> 1
78.12 --> 1
78.22 --> 1
78.31 --> 1
78.41 --> 1
79.11 --> 1
79.81 --> 1
80.31 --> 1
80.71 --> 1
81.21 --> 1
81.51 --> 1
82.11 --> 1
83.51 --> 1
83.71 --> 1
83.81 --> 1
84.51 --> 1
85.3 --> 1
85.69 --> 1
85.81 --> 1
86.2 --> 1
86.7 --> 1
86.89 --> 1
86.99 --> 1
89.2 --> 1
90.1 --> 1
90.4 --> 1
91.1 --> 1
92.09 --> 1
93.09 --> 1
95.49 --> 1
96.09 --> 1
97.59 --> 1
99.59 --> 1
99.69 --> 1
100.69 --> 1
102.79 --> 1
103.2 --> 1
103.7 --> 1
104.55 --> 1
107 --> 1
108.31 --> 1
111.59 --> 1
112.39 --> 1
113.69 --> 1
114.69 --> 1
115.59 --> 1
118.59 --> 1
120.1 --> 1
120.3 --> 1
121.1 --> 1
121.5 --> 1
127.7 --> 1
129.1 --> 1
129.3 --> 1
130.09 --> 1
131.19 --> 1
136.7 --> 1
137.61 --> 1
137.69 --> 1
143.09 --> 1
145.29 --> 1
145.49 --> 1
146.59 --> 1
155.09 --> 1
157.69 --> 1
158.09 --> 1
162.19 --> 1
162.29 --> 1
164.19 --> 1
174.39 --> 1
176.69 --> 1
189.79 --> 1
213.8 --> 1
214.8 --> 1
244.2 --> 1
250 --> 1
252 --> 1
343 --> 1
612 --> 1
8722 --> 1
