10.4 --> 1
11.1 --> 1
12.7 --> 1
13.7 --> 1
16.2 --> 1
18.6 --> 1
18.9 --> 1
19.6 --> 1
20.11 --> 1
20.19 --> 1
20.6 --> 1
20.81 --> 1
21.1 --> 1
21.25 --> 1
24.6 --> 1
24.9 --> 1
25.6 --> 1
25.9 --> 1
26.3 --> 1
27 --> 1
28.89 --> 1
29.2 --> 1
29.6 --> 1
31.1 --> 1
31.39 --> 1
31.51 --> 1
31.79 --> 1
32.4 --> 1
34.5 --> 1
37.8 --> 1
38.7 --> 1
39.81 --> 1
40.21 --> 1
41 --> 1
41.6 --> 1
42.5 --> 1
43.7 --> 1
44.2 --> 1
44.81 --> 1
46.91 --> 1
47.8 --> 1
50.2 --> 1
50.79 --> 1
50.91 --> 1
51.5 --> 1
52.09 --> 1
52.59 --> 1
53.8 --> 1
58.1 --> 1
58.9 --> 1
60.3 --> 1
61.1 --> 1
61.8 --> 1
62.5 --> 1
62.79 --> 1
64.4 --> 1
67.9 --> 1
68.29 --> 1
69.59 --> 1
73.7 --> 1
76.79 --> 1
78.89 --> 1
79.79 --> 1
81.19 --> 1
83.69 --> 1
84.5 --> 1
90.29 --> 1
94.5 --> 1
101.2 --> 1
104.1 --> 1
110.3 --> 1
112.3 --> 1
115.5 --> 1
118.4 --> 1
120.3 --> 1
129.3 --> 1
133.1 --> 1
139.8 --> 1
143.2 --> 1
153.2 --> 1
154.3 --> 1
158.2 --> 1
170 --> 1
178 --> 1
200 --> 1
215 --> 1
9001 --> 1
